
  [30;43;1m WARN [39;49;22m Your XML configuration validates against a deprecated schema. Migrate your XML configuration using "--migrate-configuration"!
array:2 [
  "success" => false
  "message" => "Undefined array key "invoice_number""
] // tests\Feature\Api\GRNEmptyCostTest.php:57

   FAIL  Tests\Feature\Api\GRNEmptyCostTest
  Γ¿» can save grn with null costs         3.01s  
  ΓöÇΓöÇΓöÇΓöÇΓöÇΓöÇΓöÇΓöÇΓöÇΓöÇΓöÇΓöÇΓöÇΓöÇΓöÇΓöÇΓöÇΓöÇΓöÇΓöÇΓöÇΓöÇΓöÇΓöÇΓöÇΓöÇΓöÇΓöÇΓöÇΓöÇΓöÇΓöÇΓöÇΓöÇΓöÇΓöÇΓöÇΓöÇΓöÇΓöÇΓöÇΓöÇΓöÇΓöÇ  
   FAILED  Tests\Feature\Api\GRNEmptyCostTesΓÇª   
  Expected response status code [201] but received 422.
Failed asserting that 422 is identical to 201.

  at tests\Feature\Api\GRNEmptyCostTest.php:60
     56Γûò         if ($response->status() !== 201) {
     57Γûò             dump($response->json());
     58Γûò         }
     59Γûò 
  Γ₧£  60Γûò         $response->assertStatus(201);
     61Γûò         $this->assertDatabaseHas('grn_items', [
     62Γûò             'batch_number' => 'BATCH-NULL-001',
     63Γûò             'cost_per_unit' => null
     64Γûò         ]);


  Tests:    1 failed (1 assertions)
  Duration: 3.14s

